0 verbose cli C:\Program Files\nodejs\node.exe C:\Program Files\nodejs\node_modules\npm\bin\npm-cli.js
1 info using npm@11.6.2
2 info using node@v24.13.0
3 silly config load:file:C:\Program Files\nodejs\node_modules\npm\npmrc
4 silly config load:file:S:\Clouthes WEB\.npmrc
5 silly config load:file:C:\Users\SAIF\.npmrc
6 silly config load:file:C:\Users\SAIF\AppData\Roaming\npm\etc\npmrc
7 verbose title npm install
8 verbose argv "install" "--cache" ".\\.npm-cache" "--ignore-scripts"
9 verbose logfile logs-max:10 dir:S:\Clouthes WEB\.npm-cache\_logs\2026-04-26T11_48_47_655Z-
10 verbose logfile S:\Clouthes WEB\.npm-cache\_logs\2026-04-26T11_48_47_655Z-debug-0.log
11 silly logfile start cleaning logs, removing 1 files
12 silly packumentCache heap:4496293888 maxSize:1124073472 maxEntrySize:562036736
13 silly logfile done cleaning log files
14 silly Conflicting override sets <ref *1> OverrideSet {
14 silly Conflicting override sets   parent: OverrideSet {
14 silly Conflicting override sets     parent: OverrideSet { parent: undefined, children: [Map] },
14 silly Conflicting override sets     children: Map(1) { 'postcss' => [Circular *1] },
14 silly Conflicting override sets     name: 'next',
14 silly Conflicting override sets     key: 'next',
14 silly Conflicting override sets     keySpec: '*',
14 silly Conflicting override sets     value: '$next'
14 silly Conflicting override sets   },
14 silly Conflicting override sets   children: Map(0) {},
14 silly Conflicting override sets   name: 'postcss',
14 silly Conflicting override sets   key: 'postcss',
14 silly Conflicting override sets   keySpec: '*',
14 silly Conflicting override sets   value: '$postcss'
14 silly Conflicting override sets } <ref *1> OverrideSet {
14 silly Conflicting override sets   parent: OverrideSet {
14 silly Conflicting override sets     parent: undefined,
14 silly Conflicting override sets     children: Map(2) { 'postcss' => [Circular *1], 'next' => [OverrideSet] }
14 silly Conflicting override sets   },
14 silly Conflicting override sets   children: Map(0) {},
14 silly Conflicting override sets   name: 'postcss',
14 silly Conflicting override sets   key: 'postcss',
14 silly Conflicting override sets   keySpec: '*',
14 silly Conflicting override sets   value: '$postcss'
14 silly Conflicting override sets }
15 silly Conflicting override sets nanoid
16 silly Conflicting override sets <ref *1> OverrideSet {
16 silly Conflicting override sets   parent: OverrideSet {
16 silly Conflicting override sets     parent: OverrideSet { parent: undefined, children: [Map] },
16 silly Conflicting override sets     children: Map(1) { 'postcss' => [Circular *1] },
16 silly Conflicting override sets     name: 'next',
16 silly Conflicting override sets     key: 'next',
16 silly Conflicting override sets     keySpec: '*',
16 silly Conflicting override sets     value: '$next'
16 silly Conflicting override sets   },
16 silly Conflicting override sets   children: Map(0) {},
16 silly Conflicting override sets   name: 'postcss',
16 silly Conflicting override sets   key: 'postcss',
16 silly Conflicting override sets   keySpec: '*',
16 silly Conflicting override sets   value: '$postcss'
16 silly Conflicting override sets } <ref *1> OverrideSet {
16 silly Conflicting override sets   parent: OverrideSet {
16 silly Conflicting override sets     parent: undefined,
16 silly Conflicting override sets     children: Map(2) { 'postcss' => [Circular *1], 'next' => [OverrideSet] }
16 silly Conflicting override sets   },
16 silly Conflicting override sets   children: Map(0) {},
16 silly Conflicting override sets   name: 'postcss',
16 silly Conflicting override sets   key: 'postcss',
16 silly Conflicting override sets   keySpec: '*',
16 silly Conflicting override sets   value: '$postcss'
16 silly Conflicting override sets }
17 silly Conflicting override sets picocolors
18 silly Conflicting override sets <ref *1> OverrideSet {
18 silly Conflicting override sets   parent: OverrideSet {
18 silly Conflicting override sets     parent: OverrideSet { parent: undefined, children: [Map] },
18 silly Conflicting override sets     children: Map(1) { 'postcss' => [Circular *1] },
18 silly Conflicting override sets     name: 'next',
18 silly Conflicting override sets     key: 'next',
18 silly Conflicting override sets     keySpec: '*',
18 silly Conflicting override sets     value: '$next'
18 silly Conflicting override sets   },
18 silly Conflicting override sets   children: Map(0) {},
18 silly Conflicting override sets   name: 'postcss',
18 silly Conflicting override sets   key: 'postcss',
18 silly Conflicting override sets   keySpec: '*',
18 silly Conflicting override sets   value: '$postcss'
18 silly Conflicting override sets } <ref *1> OverrideSet {
18 silly Conflicting override sets   parent: OverrideSet {
18 silly Conflicting override sets     parent: undefined,
18 silly Conflicting override sets     children: Map(2) { 'postcss' => [Circular *1], 'next' => [OverrideSet] }
18 silly Conflicting override sets   },
18 silly Conflicting override sets   children: Map(0) {},
18 silly Conflicting override sets   name: 'postcss',
18 silly Conflicting override sets   key: 'postcss',
18 silly Conflicting override sets   keySpec: '*',
18 silly Conflicting override sets   value: '$postcss'
18 silly Conflicting override sets }
19 silly Conflicting override sets source-map-js
20 silly idealTree buildDeps
21 silly fetch manifest postcss@^8.5.10
22 silly packumentCache full:https://registry.npmjs.org/postcss cache-miss
23 silly Conflicting override sets <ref *1> OverrideSet {
23 silly Conflicting override sets   parent: OverrideSet {
23 silly Conflicting override sets     parent: OverrideSet { parent: undefined, children: [Map] },
23 silly Conflicting override sets     children: Map(1) { 'postcss' => [Circular *1] },
23 silly Conflicting override sets     name: 'next',
23 silly Conflicting override sets     key: 'next',
23 silly Conflicting override sets     keySpec: '*',
23 silly Conflicting override sets     value: '$next'
23 silly Conflicting override sets   },
23 silly Conflicting override sets   children: Map(0) {},
23 silly Conflicting override sets   name: 'postcss',
23 silly Conflicting override sets   key: 'postcss',
23 silly Conflicting override sets   keySpec: '*',
23 silly Conflicting override sets   value: '$postcss'
23 silly Conflicting override sets } <ref *1> OverrideSet {
23 silly Conflicting override sets   parent: OverrideSet {
23 silly Conflicting override sets     parent: undefined,
23 silly Conflicting override sets     children: Map(2) { 'postcss' => [Circular *1], 'next' => [OverrideSet] }
23 silly Conflicting override sets   },
23 silly Conflicting override sets   children: Map(0) {},
23 silly Conflicting override sets   name: 'postcss',
23 silly Conflicting override sets   key: 'postcss',
23 silly Conflicting override sets   keySpec: '*',
23 silly Conflicting override sets   value: '$postcss'
23 silly Conflicting override sets }
24 silly Conflicting override sets nanoid
25 silly Conflicting override sets <ref *1> OverrideSet {
25 silly Conflicting override sets   parent: OverrideSet {
25 silly Conflicting override sets     parent: OverrideSet { parent: undefined, children: [Map] },
25 silly Conflicting override sets     children: Map(1) { 'postcss' => [Circular *1] },
25 silly Conflicting override sets     name: 'next',
25 silly Conflicting override sets     key: 'next',
25 silly Conflicting override sets     keySpec: '*',
25 silly Conflicting override sets     value: '$next'
25 silly Conflicting override sets   },
25 silly Conflicting override sets   children: Map(0) {},
25 silly Conflicting override sets   name: 'postcss',
25 silly Conflicting override sets   key: 'postcss',
25 silly Conflicting override sets   keySpec: '*',
25 silly Conflicting override sets   value: '$postcss'
25 silly Conflicting override sets } <ref *1> OverrideSet {
25 silly Conflicting override sets   parent: OverrideSet {
25 silly Conflicting override sets     parent: undefined,
25 silly Conflicting override sets     children: Map(2) { 'postcss' => [Circular *1], 'next' => [OverrideSet] }
25 silly Conflicting override sets   },
25 silly Conflicting override sets   children: Map(0) {},
25 silly Conflicting override sets   name: 'postcss',
25 silly Conflicting override sets   key: 'postcss',
25 silly Conflicting override sets   keySpec: '*',
25 silly Conflicting override sets   value: '$postcss'
25 silly Conflicting override sets }
26 silly Conflicting override sets picocolors
27 silly Conflicting override sets <ref *1> OverrideSet {
27 silly Conflicting override sets   parent: OverrideSet {
27 silly Conflicting override sets     parent: OverrideSet { parent: undefined, children: [Map] },
27 silly Conflicting override sets     children: Map(1) { 'postcss' => [Circular *1] },
27 silly Conflicting override sets     name: 'next',
27 silly Conflicting override sets     key: 'next',
27 silly Conflicting override sets     keySpec: '*',
27 silly Conflicting override sets     value: '$next'
27 silly Conflicting override sets   },
27 silly Conflicting override sets   children: Map(0) {},
27 silly Conflicting override sets   name: 'postcss',
27 silly Conflicting override sets   key: 'postcss',
27 silly Conflicting override sets   keySpec: '*',
27 silly Conflicting override sets   value: '$postcss'
27 silly Conflicting override sets } <ref *1> OverrideSet {
27 silly Conflicting override sets   parent: OverrideSet {
27 silly Conflicting override sets     parent: undefined,
27 silly Conflicting override sets     children: Map(2) { 'postcss' => [Circular *1], 'next' => [OverrideSet] }
27 silly Conflicting override sets   },
27 silly Conflicting override sets   children: Map(0) {},
27 silly Conflicting override sets   name: 'postcss',
27 silly Conflicting override sets   key: 'postcss',
27 silly Conflicting override sets   keySpec: '*',
27 silly Conflicting override sets   value: '$postcss'
27 silly Conflicting override sets }
28 silly Conflicting override sets source-map-js
29 http cache https://registry.npmjs.org/postcss 269ms (cache hit)
30 silly packumentCache full:https://registry.npmjs.org/postcss set size:708244 disposed:false
31 silly placeDep ROOT postcss@8.5.10 KEEP for: next@15.5.15 want: ^8.5.10
32 silly reify moves {}
33 silly audit bulk request {
33 silly audit   '@adobe/css-tools': [ '4.4.4' ],
33 silly audit   '@alloc/quick-lru': [ '5.2.0' ],
33 silly audit   '@babel/code-frame': [ '7.29.0' ],
33 silly audit   '@babel/compat-data': [ '7.29.0' ],
33 silly audit   '@babel/core': [ '7.29.0' ],
33 silly audit   semver: [ '6.3.1', '7.7.4' ],
33 silly audit   '@babel/generator': [ '7.29.1' ],
33 silly audit   '@babel/helper-compilation-targets': [ '7.28.6' ],
33 silly audit   '@babel/helper-globals': [ '7.28.0' ],
33 silly audit   '@babel/helper-module-imports': [ '7.28.6' ],
33 silly audit   '@babel/helper-module-transforms': [ '7.28.6' ],
33 silly audit   '@babel/helper-plugin-utils': [ '7.28.6' ],
33 silly audit   '@babel/helper-string-parser': [ '7.27.1' ],
33 silly audit   '@babel/helper-validator-identifier': [ '7.28.5' ],
33 silly audit   '@babel/helper-validator-option': [ '7.27.1' ],
33 silly audit   '@babel/helpers': [ '7.29.2' ],
33 silly audit   '@babel/parser': [ '7.29.2' ],
33 silly audit   '@babel/plugin-syntax-async-generators': [ '7.8.4' ],
33 silly audit   '@babel/plugin-syntax-bigint': [ '7.8.3' ],
33 silly audit   '@babel/plugin-syntax-class-properties': [ '7.12.13' ],
33 silly audit   '@babel/plugin-syntax-class-static-block': [ '7.14.5' ],
33 silly audit   '@babel/plugin-syntax-import-attributes': [ '7.28.6' ],
33 silly audit   '@babel/plugin-syntax-import-meta': [ '7.10.4' ],
33 silly audit   '@babel/plugin-syntax-json-strings': [ '7.8.3' ],
33 silly audit   '@babel/plugin-syntax-jsx': [ '7.28.6' ],
33 silly audit   '@babel/plugin-syntax-logical-assignment-operators': [ '7.10.4' ],
33 silly audit   '@babel/plugin-syntax-nullish-coalescing-operator': [ '7.8.3' ],
33 silly audit   '@babel/plugin-syntax-numeric-separator': [ '7.10.4' ],
33 silly audit   '@babel/plugin-syntax-object-rest-spread': [ '7.8.3' ],
33 silly audit   '@babel/plugin-syntax-optional-catch-binding': [ '7.8.3' ],
33 silly audit   '@babel/plugin-syntax-optional-chaining': [ '7.8.3' ],
33 silly audit   '@babel/plugin-syntax-private-property-in-object': [ '7.14.5' ],
33 silly audit   '@babel/plugin-syntax-top-level-await': [ '7.14.5' ],
33 silly audit   '@babel/plugin-syntax-typescript': [ '7.28.6' ],
33 silly audit   '@babel/runtime': [ '7.29.2' ],
33 silly audit   '@babel/template': [ '7.28.6' ],
33 silly audit   '@babel/traverse': [ '7.29.0' ],
33 silly audit   '@babel/types': [ '7.29.0' ],
33 silly audit   '@bcoe/v8-coverage': [ '0.2.3' ],
33 silly audit   '@emnapi/core': [ '1.10.0' ],
33 silly audit   '@emnapi/runtime': [ '1.10.0' ],
33 silly audit   '@emnapi/wasi-threads': [ '1.2.1' ],
33 silly audit   '@eslint-community/eslint-utils': [ '4.9.1' ],
33 silly audit   '@eslint-community/regexpp': [ '4.12.2' ],
33 silly audit   '@eslint/eslintrc': [ '2.1.4' ],
33 silly audit   '@eslint/js': [ '8.57.1' ],
33 silly audit   '@hookform/resolvers': [ '3.10.0' ],
33 silly audit   '@humanwhocodes/config-array': [ '0.13.0' ],
33 silly audit   '@humanwhocodes/module-importer': [ '1.0.1' ],
33 silly audit   '@humanwhocodes/object-schema': [ '2.0.3' ],
33 silly audit   '@img/colour': [ '1.1.0' ],
33 silly audit   '@img/sharp-darwin-arm64': [ '0.34.5' ],
33 silly audit   '@img/sharp-darwin-x64': [ '0.34.5' ],
33 silly audit   '@img/sharp-libvips-darwin-arm64': [ '1.2.4' ],
33 silly audit   '@img/sharp-libvips-darwin-x64': [ '1.2.4' ],
33 silly audit   '@img/sharp-libvips-linux-arm': [ '1.2.4' ],
33 silly audit   '@img/sharp-libvips-linux-arm64': [ '1.2.4' ],
33 silly audit   '@img/sharp-libvips-linux-ppc64': [ '1.2.4' ],
33 silly audit   '@img/sharp-libvips-linux-riscv64': [ '1.2.4' ],
33 silly audit   '@img/sharp-libvips-linux-s390x': [ '1.2.4' ],
33 silly audit   '@img/sharp-libvips-linux-x64': [ '1.2.4' ],
33 silly audit   '@img/sharp-libvips-linuxmusl-arm64': [ '1.2.4' ],
33 silly audit   '@img/sharp-libvips-linuxmusl-x64': [ '1.2.4' ],
33 silly audit   '@img/sharp-linux-arm': [ '0.34.5' ],
33 silly audit   '@img/sharp-linux-arm64': [ '0.34.5' ],
33 silly audit   '@img/sharp-linux-ppc64': [ '0.34.5' ],
33 silly audit   '@img/sharp-linux-riscv64': [ '0.34.5' ],
33 silly audit   '@img/sharp-linux-s390x': [ '0.34.5' ],
33 silly audit   '@img/sharp-linux-x64': [ '0.34.5' ],
33 silly audit   '@img/sharp-linuxmusl-arm64': [ '0.34.5' ],
33 silly audit   '@img/sharp-linuxmusl-x64': [ '0.34.5' ],
33 silly audit   '@img/sharp-wasm32': [ '0.34.5' ],
33 silly audit   '@img/sharp-win32-arm64': [ '0.34.5' ],
33 silly audit   '@img/sharp-win32-ia32': [ '0.34.5' ],
33 silly audit   '@img/sharp-win32-x64': [ '0.34.5' ],
33 silly audit   '@istanbuljs/load-nyc-config': [ '1.1.0' ],
33 silly audit   argparse: [ '1.0.10', '2.0.1' ],
33 silly audit   'find-up': [ '4.1.0', '5.0.0' ],
33 silly audit   'js-yaml': [ '3.14.2', '4.1.1' ],
33 silly audit   'locate-path': [ '5.0.0', '6.0.0' ],
33 silly audit   'p-limit': [ '2.3.0', '3.1.0' ],
33 silly audit   'p-locate': [ '4.1.0', '5.0.0' ],
33 silly audit   'resolve-from': [ '5.0.0', '4.0.0' ],
33 silly audit   '@istanbuljs/schema': [ '0.1.6' ],
33 silly audit   '@jest/console': [ '29.7.0' ],
33 silly audit   '@jest/core': [ '29.7.0' ],
33 silly audit   'ansi-styles': [ '5.2.0', '4.3.0' ],
33 silly audit   'pretty-format': [ '29.7.0', '27.5.1' ],
33 silly audit   'react-is': [ '18.3.1', '16.13.1', '17.0.2' ],
33 silly audit   '@jest/environment': [ '29.7.0' ],
33 silly audit   '@jest/expect': [ '29.7.0' ],
33 silly audit   '@jest/expect-utils': [ '29.7.0' ],
33 silly audit   '@jest/fake-timers': [ '29.7.0' ],
33 silly audit   '@jest/globals': [ '29.7.0' ],
33 silly audit   '@jest/reporters': [ '29.7.0' ],
33 silly audit   '@jest/schemas': [ '29.6.3' ],
33 silly audit   '@jest/source-map': [ '29.6.3' ],
33 silly audit   '@jest/test-result': [ '29.7.0' ],
33 silly audit   '@jest/test-sequencer': [ '29.7.0' ],
33 silly audit   '@jest/transform': [ '29.7.0' ],
33 silly audit   '@jest/types': [ '29.6.3' ],
33 silly audit   '@jridgewell/gen-mapping': [ '0.3.13' ],
33 silly audit   '@jridgewell/remapping': [ '2.3.5' ],
33 silly audit   '@jridgewell/resolve-uri': [ '3.1.2' ],
33 silly audit   '@jridgewell/sourcemap-codec': [ '1.5.5' ],
33 silly audit   '@jridgewell/trace-mapping': [ '0.3.31' ],
33 silly audit   '@napi-rs/wasm-runtime': [ '0.2.12' ],
33 silly audit   '@next/env': [ '15.5.15' ],
33 silly audit   '@next/eslint-plugin-next': [ '15.5.15' ],
33 silly audit   '@next/swc-darwin-arm64': [ '15.5.15' ],
33 silly audit   '@next/swc-darwin-x64': [ '15.5.15' ],
33 silly audit   '@next/swc-linux-arm64-gnu': [ '15.5.15' ],
33 silly audit   '@next/swc-linux-arm64-musl': [ '15.5.15' ],
33 silly audit   '@next/swc-linux-x64-gnu': [ '15.5.15' ],
33 silly audit   '@next/swc-linux-x64-musl': [ '15.5.15' ],
33 silly audit   '@next/swc-win32-arm64-msvc': [ '15.5.15' ],
33 silly audit   '@next/swc-win32-x64-msvc': [ '15.5.15' ],
33 silly audit   '@nodelib/fs.scandir': [ '2.1.5' ],
33 silly audit   '@nodelib/fs.stat': [ '2.0.5' ],
33 silly audit   '@nodelib/fs.walk': [ '1.2.8' ],
33 silly audit   '@nolyfill/is-core-module': [ '1.0.39' ],
33 silly audit   '@rtsao/scc': [ '1.1.0' ],
33 silly audit   '@rushstack/eslint-patch': [ '1.16.1' ],
33 silly audit   '@sinclair/typebox': [ '0.27.10' ],
33 silly audit   '@sinonjs/commons': [ '3.0.1' ],
33 silly audit   '@sinonjs/fake-timers': [ '10.3.0' ],
33 silly audit   '@swc/helpers': [ '0.5.15' ],
33 silly audit   '@tanstack/query-core': [ '5.100.5' ],
33 silly audit   '@tanstack/react-query': [ '5.100.5' ],
33 silly audit   '@testing-library/dom': [ '10.4.1' ],
33 silly audit   '@testing-library/jest-dom': [ '6.9.1' ],
33 silly audit   'dom-accessibility-api': [ '0.6.3', '0.5.16' ],
33 silly audit   '@testing-library/react': [ '16.3.2' ],
33 silly audit   '@testing-library/user-event': [ '14.6.1' ],
33 silly audit   '@tootallnate/once': [ '2.0.0' ],
33 silly audit   '@tybys/wasm-util': [ '0.10.1' ],
33 silly audit   '@types/aria-query': [ '5.0.4' ],
33 silly audit   '@types/babel__core': [ '7.20.5' ],
33 silly audit   '@types/babel__generator': [ '7.27.0' ],
33 silly audit   '@types/babel__template': [ '7.4.4' ],
33 silly audit   '@types/babel__traverse': [ '7.28.0' ],
33 silly audit   '@types/d3-array': [ '3.2.2' ],
33 silly audit   '@types/d3-color': [ '3.1.3' ],
33 silly audit   '@types/d3-ease': [ '3.0.2' ],
33 silly audit   '@types/d3-interpolate': [ '3.0.4' ],
33 silly audit   '@types/d3-path': [ '3.1.1' ],
33 silly audit   '@types/d3-scale': [ '4.0.9' ],
33 silly audit   '@types/d3-shape': [ '3.1.8' ],
33 silly audit   '@types/d3-time': [ '3.0.4' ],
33 silly audit   '@types/d3-timer': [ '3.0.2' ],
33 silly audit   '@types/graceful-fs': [ '4.1.9' ],
33 silly audit   '@types/istanbul-lib-coverage': [ '2.0.6' ],
33 silly audit   '@types/istanbul-lib-report': [ '3.0.3' ],
33 silly audit   '@types/istanbul-reports': [ '3.0.4' ],
33 silly audit   '@types/jest': [ '29.5.14' ],
33 silly audit   '@types/jsdom': [ '20.0.1' ],
33 silly audit   '@types/json5': [ '0.0.29' ],
33 silly audit   '@types/node': [ '22.19.17' ],
33 silly audit   '@types/react': [ '19.2.14' ],
33 silly audit   '@types/react-dom': [ '19.2.3' ],
33 silly audit   '@types/stack-utils': [ '2.0.3' ],
33 silly audit   '@types/tough-cookie': [ '4.0.5' ],
33 silly audit   '@types/yargs': [ '17.0.35' ],
33 silly audit   '@types/yargs-parser': [ '21.0.3' ],
33 silly audit   '@typescript-eslint/eslint-plugin': [ '8.59.0' ],
33 silly audit   ignore: [ '7.0.5', '5.3.2' ],
33 silly audit   '@typescript-eslint/parser': [ '8.59.0' ],
33 silly audit   '@typescript-eslint/project-service': [ '8.59.0' ],
33 silly audit   '@typescript-eslint/scope-manager': [ '8.59.0' ],
33 silly audit   '@typescript-eslint/tsconfig-utils': [ '8.59.0' ],
33 silly audit   '@typescript-eslint/type-utils': [ '8.59.0' ],
33 silly audit   '@typescript-eslint/types': [ '8.59.0' ],
33 silly audit   '@typescript-eslint/typescript-estree': [ '8.59.0' ],
33 silly audit   'balanced-match': [ '4.0.4', '1.0.2' ],
33 silly audit   'brace-expansion': [ '5.0.5', '1.1.14' ],
33 silly audit   minimatch: [ '10.2.5', '3.1.5' ],
33 silly audit   '@typescript-eslint/utils': [ '8.59.0' ],
33 silly audit   '@typescript-eslint/visitor-keys': [ '8.59.0' ],
33 silly audit   'eslint-visitor-keys': [ '5.0.1', '3.4.3' ],
33 silly audit   '@ungap/structured-clone': [ '1.3.0' ],
33 silly audit   '@unrs/resolver-binding-android-arm-eabi': [ '1.11.1' ],
33 silly audit   '@unrs/resolver-binding-android-arm64': [ '1.11.1' ],
33 silly audit   '@unrs/resolver-binding-darwin-arm64': [ '1.11.1' ],
33 silly audit   '@unrs/resolver-binding-darwin-x64': [ '1.11.1' ],
33 silly audit   '@unrs/resolver-binding-freebsd-x64': [ '1.11.1' ],
33 silly audit   '@unrs/resolver-binding-linux-arm-gnueabihf': [ '1.11.1' ],
33 silly audit   '@unrs/resolver-binding-linux-arm-musleabihf': [ '1.11.1' ],
33 silly audit   '@unrs/resolver-binding-linux-arm64-gnu': [ '1.11.1' ],
33 silly audit   '@unrs/resolver-binding-linux-arm64-musl': [ '1.11.1' ],
33 silly audit   '@unrs/resolver-binding-linux-ppc64-gnu': [ '1.11.1' ],
33 silly audit   '@unrs/resolver-binding-linux-riscv64-gnu': [ '1.11.1' ],
33 silly audit   '@unrs/resolver-binding-linux-riscv64-musl': [ '1.11.1' ],
33 silly audit   '@unrs/resolver-binding-linux-s390x-gnu': [ '1.11.1' ],
33 silly audit   '@unrs/resolver-binding-linux-x64-gnu': [ '1.11.1' ],
33 silly audit   '@unrs/resolver-binding-linux-x64-musl': [ '1.11.1' ],
33 silly audit   '@unrs/resolver-binding-wasm32-wasi': [ '1.11.1' ],
33 silly audit   '@unrs/resolver-binding-win32-arm64-msvc': [ '1.11.1' ],
33 silly audit   '@unrs/resolver-binding-win32-ia32-msvc': [ '1.11.1' ],
33 silly audit   '@unrs/resolver-binding-win32-x64-msvc': [ '1.11.1' ],
33 silly audit   abab: [ '2.0.6' ],
33 silly audit   acorn: [ '8.16.0' ],
33 silly audit   'acorn-globals': [ '7.0.1' ],
33 silly audit   'acorn-jsx': [ '5.3.2' ],
33 silly audit   'acorn-walk': [ '8.3.5' ],
33 silly audit   'agent-base': [ '6.0.2' ],
33 silly audit   ajv: [ '6.15.0' ],
33 silly audit   'ansi-escapes': [ '4.3.2' ],
33 silly audit   'type-fest': [ '0.21.3', '0.20.2' ],
33 silly audit   'ansi-regex': [ '5.0.1' ],
33 silly audit   'any-promise': [ '1.3.0' ],
33 silly audit   anymatch: [ '3.1.3' ],
33 silly audit   arg: [ '5.0.2' ],
33 silly audit   'aria-query': [ '5.3.0', '5.3.2' ],
33 silly audit   'array-buffer-byte-length': [ '1.0.2' ],
33 silly audit   'array-includes': [ '3.1.9' ],
33 silly audit   'array.prototype.findlast': [ '1.2.5' ],
33 silly audit   'array.prototype.findlastindex': [ '1.2.6' ],
33 silly audit   'array.prototype.flat': [ '1.3.3' ],
33 silly audit   'array.prototype.flatmap': [ '1.3.3' ],
33 silly audit   'array.prototype.tosorted': [ '1.1.4' ],
33 silly audit   'arraybuffer.prototype.slice': [ '1.0.4' ],
33 silly audit   'ast-types-flow': [ '0.0.8' ],
33 silly audit   'async-function': [ '1.0.0' ],
33 silly audit   asynckit: [ '0.4.0' ],
33 silly audit   autoprefixer: [ '10.5.0' ],
33 silly audit   'available-typed-arrays': [ '1.0.7' ],
33 silly audit   'axe-core': [ '4.11.3' ],
33 silly audit   axios: [ '1.15.2' ],
33 silly audit   'axobject-query': [ '4.1.0' ],
33 silly audit   'babel-jest': [ '29.7.0' ],
33 silly audit   'babel-plugin-istanbul': [ '6.1.1' ],
33 silly audit   'istanbul-lib-instrument': [ '5.2.1', '6.0.3' ],
33 silly audit   'babel-plugin-jest-hoist': [ '29.6.3' ],
33 silly audit   'babel-preset-current-node-syntax': [ '1.2.0' ],
33 silly audit   'babel-preset-jest': [ '29.6.3' ],
33 silly audit   'baseline-browser-mapping': [ '2.10.22' ],
33 silly audit   'binary-extensions': [ '2.3.0' ],
33 silly audit   braces: [ '3.0.3' ],
33 silly audit   browserslist: [ '4.28.2' ],
33 silly audit   bser: [ '2.1.1' ],
33 silly audit   'buffer-from': [ '1.1.2' ],
33 silly audit   'call-bind': [ '1.0.9' ],
33 silly audit   'call-bind-apply-helpers': [ '1.0.2' ],
33 silly audit   'call-bound': [ '1.0.4' ],
33 silly audit   callsites: [ '3.1.0' ],
33 silly audit   camelcase: [ '5.3.1', '6.3.0' ],
33 silly audit   'camelcase-css': [ '2.0.1' ],
33 silly audit   'caniuse-lite': [ '1.0.30001791' ],
33 silly audit   chalk: [ '4.1.2' ],
33 silly audit   'char-regex': [ '1.0.2' ],
33 silly audit   chokidar: [ '3.6.0' ],
33 silly audit   'glob-parent': [ '5.1.2', '6.0.2' ],
33 silly audit   'ci-info': [ '3.9.0' ],
33 silly audit   'cjs-module-lexer': [ '1.4.3' ],
33 silly audit   'client-only': [ '0.0.1' ],
33 silly audit   cliui: [ '8.0.1' ],
33 silly audit   clsx: [ '2.1.1' ],
33 silly audit   co: [ '4.6.0' ],
33 silly audit   'collect-v8-coverage': [ '1.0.3' ],
33 silly audit   'color-convert': [ '2.0.1' ],
33 silly audit   'color-name': [ '1.1.4' ],
33 silly audit   'combined-stream': [ '1.0.8' ],
33 silly audit   commander: [ '4.1.1' ],
33 silly audit   'concat-map': [ '0.0.1' ],
33 silly audit   'convert-source-map': [ '2.0.0' ],
33 silly audit   'create-jest': [ '29.7.0' ],
33 silly audit   'cross-spawn': [ '7.0.6' ],
33 silly audit   'css.escape': [ '1.5.1' ],
33 silly audit   cssesc: [ '3.0.0' ],
33 silly audit   cssom: [ '0.5.0', '0.3.8' ],
33 silly audit   cssstyle: [ '2.3.0' ],
33 silly audit   csstype: [ '3.2.3' ],
33 silly audit   'd3-array': [ '3.2.4' ],
33 silly audit   'd3-color': [ '3.1.0' ],
33 silly audit   'd3-ease': [ '3.0.1' ],
33 silly audit   'd3-format': [ '3.1.2' ],
33 silly audit   'd3-interpolate': [ '3.0.1' ],
33 silly audit   'd3-path': [ '3.1.0' ],
33 silly audit   'd3-scale': [ '4.0.2' ],
33 silly audit   'd3-shape': [ '3.2.0' ],
33 silly audit   'd3-time': [ '3.1.0' ],
33 silly audit   'd3-time-format': [ '4.1.0' ],
33 silly audit   'd3-timer': [ '3.0.1' ],
33 silly audit   'damerau-levenshtein': [ '1.0.8' ],
33 silly audit   'data-urls': [ '3.0.2' ],
33 silly audit   'data-view-buffer': [ '1.0.2' ],
33 silly audit   'data-view-byte-length': [ '1.0.2' ],
33 silly audit   'data-view-byte-offset': [ '1.0.1' ],
33 silly audit   debug: [ '4.4.3', '3.2.7' ],
33 silly audit   'decimal.js': [ '10.6.0' ],
33 silly audit   'decimal.js-light': [ '2.5.1' ],
33 silly audit   dedent: [ '1.7.2' ],
33 silly audit   'deep-is': [ '0.1.4' ],
33 silly audit   deepmerge: [ '4.3.1' ],
33 silly audit   'define-data-property': [ '1.1.4' ],
33 silly audit   'define-properties': [ '1.2.1' ],
33 silly audit   'delayed-stream': [ '1.0.0' ],
33 silly audit   dequal: [ '2.0.3' ],
33 silly audit   'detect-libc': [ '2.1.2' ],
33 silly audit   'detect-newline': [ '3.1.0' ],
33 silly audit   didyoumean: [ '1.2.2' ],
33 silly audit   'diff-sequences': [ '29.6.3' ],
33 silly audit   dlv: [ '1.1.3' ],
33 silly audit   doctrine: [ '3.0.0', '2.1.0' ],
33 silly audit   'dom-helpers': [ '5.2.1' ],
33 silly audit   domexception: [ '4.0.0' ],
33 silly audit   'dunder-proto': [ '1.0.1' ],
33 silly audit   'electron-to-chromium': [ '1.5.344' ],
33 silly audit   emittery: [ '0.13.1' ],
33 silly audit   'emoji-regex': [ '9.2.2', '8.0.0' ],
33 silly audit   entities: [ '6.0.1' ],
33 silly audit   'error-ex': [ '1.3.4' ],
33 silly audit   'es-abstract': [ '1.24.2' ],
33 silly audit   'es-define-property': [ '1.0.1' ],
33 silly audit   'es-errors': [ '1.3.0' ],
33 silly audit   'es-iterator-helpers': [ '1.3.2' ],
33 silly audit   'es-object-atoms': [ '1.1.1' ],
33 silly audit   'es-set-tostringtag': [ '2.1.0' ],
33 silly audit   'es-shim-unscopables': [ '1.1.0' ],
33 silly audit   'es-to-primitive': [ '1.3.0' ],
33 silly audit   escalade: [ '3.2.0' ],
33 silly audit   'escape-string-regexp': [ '4.0.0', '2.0.0' ],
33 silly audit   escodegen: [ '2.1.0' ],
33 silly audit   eslint: [ '8.57.1' ],
33 silly audit   'eslint-config-next': [ '15.5.15' ],
33 silly audit   'eslint-import-resolver-node': [ '0.3.10' ],
33 silly audit   'eslint-import-resolver-typescript': [ '3.10.1' ],
33 silly audit   'eslint-module-utils': [ '2.12.1' ],
33 silly audit   'eslint-plugin-import': [ '2.32.0' ],
33 silly audit   'eslint-plugin-jsx-a11y': [ '6.10.2' ],
33 silly audit   'eslint-plugin-react': [ '7.37.5' ],
33 silly audit   'eslint-plugin-react-hooks': [ '5.2.0' ],
33 silly audit   'eslint-scope': [ '7.2.2' ],
33 silly audit   espree: [ '9.6.1' ],
33 silly audit   esprima: [ '4.0.1' ],
33 silly audit   esquery: [ '1.7.0' ],
33 silly audit   esrecurse: [ '4.3.0' ],
33 silly audit   estraverse: [ '5.3.0' ],
33 silly audit   esutils: [ '2.0.3' ],
33 silly audit   eventemitter3: [ '4.0.7' ],
33 silly audit   execa: [ '5.1.1' ],
33 silly audit   exit: [ '0.1.2' ],
33 silly audit   expect: [ '29.7.0' ],
33 silly audit   'fast-deep-equal': [ '3.1.3' ],
33 silly audit   'fast-equals': [ '5.4.0' ],
33 silly audit   'fast-glob': [ '3.3.1', '3.3.3' ],
33 silly audit   'fast-json-stable-stringify': [ '2.1.0' ],
33 silly audit   'fast-levenshtein': [ '2.0.6' ],
33 silly audit   fastq: [ '1.20.1' ],
33 silly audit   'fb-watchman': [ '2.0.2' ],
33 silly audit   'file-entry-cache': [ '6.0.1' ],
33 silly audit   'fill-range': [ '7.1.1' ],
33 silly audit   'flat-cache': [ '3.2.0' ],
33 silly audit   flatted: [ '3.4.2' ],
33 silly audit   'follow-redirects': [ '1.16.0' ],
33 silly audit   'for-each': [ '0.3.5' ],
33 silly audit   'form-data': [ '4.0.5' ],
33 silly audit   'fraction.js': [ '5.3.4' ],
33 silly audit   'framer-motion': [ '12.38.0' ],
33 silly audit   'fs.realpath': [ '1.0.0' ],
33 silly audit   fsevents: [ '2.3.3' ],
33 silly audit   'function-bind': [ '1.1.2' ],
33 silly audit   'function.prototype.name': [ '1.1.8' ],
33 silly audit   'functions-have-names': [ '1.2.3' ],
33 silly audit   'generator-function': [ '2.0.1' ],
33 silly audit   gensync: [ '1.0.0-beta.2' ],
33 silly audit   'get-caller-file': [ '2.0.5' ],
33 silly audit   'get-intrinsic': [ '1.3.0' ],
33 silly audit   'get-package-type': [ '0.1.0' ],
33 silly audit   'get-proto': [ '1.0.1' ],
33 silly audit   'get-stream': [ '6.0.1' ],
33 silly audit   'get-symbol-description': [ '1.1.0' ],
33 silly audit   'get-tsconfig': [ '4.14.0' ],
33 silly audit   glob: [ '7.2.3' ],
33 silly audit   globals: [ '13.24.0' ],
33 silly audit   globalthis: [ '1.0.4' ],
33 silly audit   gopd: [ '1.2.0' ],
33 silly audit   'graceful-fs': [ '4.2.11' ],
33 silly audit   graphemer: [ '1.4.0' ],
33 silly audit   'has-bigints': [ '1.1.0' ],
33 silly audit   'has-flag': [ '4.0.0' ],
33 silly audit   'has-property-descriptors': [ '1.0.2' ],
33 silly audit   'has-proto': [ '1.2.0' ],
33 silly audit   'has-symbols': [ '1.1.0' ],
33 silly audit   'has-tostringtag': [ '1.0.2' ],
33 silly audit   hasown: [ '2.0.3' ],
33 silly audit   'html-encoding-sniffer': [ '3.0.0' ],
33 silly audit   'html-escaper': [ '2.0.2' ],
33 silly audit   'http-proxy-agent': [ '5.0.0' ],
33 silly audit   'https-proxy-agent': [ '5.0.1' ],
33 silly audit   'human-signals': [ '2.1.0' ],
33 silly audit   'iconv-lite': [ '0.6.3' ],
33 silly audit   'import-fresh': [ '3.3.1' ],
33 silly audit   'import-local': [ '3.2.0' ],
33 silly audit   imurmurhash: [ '0.1.4' ],
33 silly audit   'indent-string': [ '4.0.0' ],
33 silly audit   inflight: [ '1.0.6' ],
33 silly audit   inherits: [ '2.0.4' ],
33 silly audit   'internal-slot': [ '1.1.0' ],
33 silly audit   internmap: [ '2.0.3' ],
33 silly audit   'is-array-buffer': [ '3.0.5' ],
33 silly audit   'is-arrayish': [ '0.2.1' ],
33 silly audit   'is-async-function': [ '2.1.1' ],
33 silly audit   'is-bigint': [ '1.1.0' ],
33 silly audit   'is-binary-path': [ '2.1.0' ],
33 silly audit   'is-boolean-object': [ '1.2.2' ],
33 silly audit   'is-bun-module': [ '2.0.0' ],
33 silly audit   'is-callable': [ '1.2.7' ],
33 silly audit   'is-core-module': [ '2.16.1' ],
33 silly audit   'is-data-view': [ '1.0.2' ],
33 silly audit   'is-date-object': [ '1.1.0' ],
33 silly audit   'is-extglob': [ '2.1.1' ],
33 silly audit   'is-finalizationregistry': [ '1.1.1' ],
33 silly audit   'is-fullwidth-code-point': [ '3.0.0' ],
33 silly audit   'is-generator-fn': [ '2.1.0' ],
33 silly audit   'is-generator-function': [ '1.1.2' ],
33 silly audit   'is-glob': [ '4.0.3' ],
33 silly audit   'is-map': [ '2.0.3' ],
33 silly audit   'is-negative-zero': [ '2.0.3' ],
33 silly audit   'is-number': [ '7.0.0' ],
33 silly audit   'is-number-object': [ '1.1.1' ],
33 silly audit   'is-path-inside': [ '3.0.3' ],
33 silly audit   'is-potential-custom-element-name': [ '1.0.1' ],
33 silly audit   'is-regex': [ '1.2.1' ],
33 silly audit   'is-set': [ '2.0.3' ],
33 silly audit   'is-shared-array-buffer': [ '1.0.4' ],
33 silly audit   'is-stream': [ '2.0.1' ],
33 silly audit   'is-string': [ '1.1.1' ],
33 silly audit   'is-symbol': [ '1.1.1' ],
33 silly audit   'is-typed-array': [ '1.1.15' ],
33 silly audit   'is-weakmap': [ '2.0.2' ],
33 silly audit   'is-weakref': [ '1.1.1' ],
33 silly audit   'is-weakset': [ '2.0.4' ],
33 silly audit   isarray: [ '2.0.5' ],
33 silly audit   isexe: [ '2.0.0' ],
33 silly audit   'istanbul-lib-coverage': [ '3.2.2' ],
33 silly audit   'istanbul-lib-report': [ '3.0.1' ],
33 silly audit   'istanbul-lib-source-maps': [ '4.0.1' ],
33 silly audit   'istanbul-reports': [ '3.2.0' ],
33 silly audit   'iterator.prototype': [ '1.1.5' ],
33 silly audit   jest: [ '29.7.0' ],
33 silly audit   'jest-changed-files': [ '29.7.0' ],
33 silly audit   'jest-circus': [ '29.7.0' ],
33 silly audit   'jest-cli': [ '29.7.0' ],
33 silly audit   'jest-config': [ '29.7.0' ],
33 silly audit   'jest-diff': [ '29.7.0' ],
33 silly audit   'jest-docblock': [ '29.7.0' ],
33 silly audit   'jest-each': [ '29.7.0' ],
33 silly audit   'jest-environment-jsdom': [ '29.7.0' ],
33 silly audit   'jest-environment-node': [ '29.7.0' ],
33 silly audit   'jest-get-type': [ '29.6.3' ],
33 silly audit   'jest-haste-map': [ '29.7.0' ],
33 silly audit   'jest-leak-detector': [ '29.7.0' ],
33 silly audit   'jest-matcher-utils': [ '29.7.0' ],
33 silly audit   'jest-message-util': [ '29.7.0' ],
33 silly audit   'jest-mock': [ '29.7.0' ],
33 silly audit   'jest-pnp-resolver': [ '1.2.3' ],
33 silly audit   'jest-regex-util': [ '29.6.3' ],
33 silly audit   'jest-resolve': [ '29.7.0' ],
33 silly audit   'jest-resolve-dependencies': [ '29.7.0' ],
33 silly audit   resolve: [ '1.22.12', '2.0.0-next.6' ],
33 silly audit   'jest-runner': [ '29.7.0' ],
33 silly audit   'jest-runtime': [ '29.7.0' ],
33 silly audit   'jest-snapshot': [ '29.7.0' ],
33 silly audit   'jest-util': [ '29.7.0' ],
33 silly audit   'jest-validate': [ '29.7.0' ],
33 silly audit   'jest-watcher': [ '29.7.0' ],
33 silly audit   'jest-worker': [ '29.7.0' ],
33 silly audit   'supports-color': [ '8.1.1', '7.2.0' ],
33 silly audit   jiti: [ '1.21.7' ],
33 silly audit   'js-tokens': [ '4.0.0' ],
33 silly audit   jsdom: [ '20.0.3' ],
33 silly audit   jsesc: [ '3.1.0' ],
33 silly audit   'json-buffer': [ '3.0.1' ],
33 silly audit   'json-parse-even-better-errors': [ '2.3.1' ],
33 silly audit   'json-schema-traverse': [ '0.4.1' ],
33 silly audit   'json-stable-stringify-without-jsonify': [ '1.0.1' ],
33 silly audit   json5: [ '2.2.3', '1.0.2' ],
33 silly audit   'jsx-ast-utils': [ '3.3.5' ],
33 silly audit   keyv: [ '4.5.4' ],
33 silly audit   kleur: [ '3.0.3' ],
33 silly audit   'language-subtag-registry': [ '0.3.23' ],
33 silly audit   'language-tags': [ '1.0.9' ],
33 silly audit   leven: [ '3.1.0' ],
33 silly audit   levn: [ '0.4.1' ],
33 silly audit   lilconfig: [ '3.1.3' ],
33 silly audit   'lines-and-columns': [ '1.2.4' ],
33 silly audit   lodash: [ '4.18.1' ],
33 silly audit   'lodash.merge': [ '4.6.2' ],
33 silly audit   'loose-envify': [ '1.4.0' ],
33 silly audit   'lru-cache': [ '5.1.1' ],
33 silly audit   'lucide-react': [ '0.468.0' ],
33 silly audit   'lz-string': [ '1.5.0' ],
33 silly audit   'make-dir': [ '4.0.0' ],
33 silly audit   makeerror: [ '1.0.12' ],
33 silly audit   'math-intrinsics': [ '1.1.0' ],
33 silly audit   'merge-stream': [ '2.0.0' ],
33 silly audit   merge2: [ '1.4.1' ],
33 silly audit   micromatch: [ '4.0.8' ],
33 silly audit   'mime-db': [ '1.52.0' ],
33 silly audit   'mime-types': [ '2.1.35' ],
33 silly audit   'mimic-fn': [ '2.1.0' ],
33 silly audit   'min-indent': [ '1.0.1' ],
33 silly audit   minimist: [ '1.2.8' ],
33 silly audit   'motion-dom': [ '12.38.0' ],
33 silly audit   'motion-utils': [ '12.36.0' ],
33 silly audit   ms: [ '2.1.3' ],
33 silly audit   mz: [ '2.7.0' ],
33 silly audit   nanoid: [ '3.3.11' ],
33 silly audit   'napi-postinstall': [ '0.3.4' ],
33 silly audit   'natural-compare': [ '1.4.0' ],
33 silly audit   next: [ '15.5.15' ],
33 silly audit   'next-themes': [ '0.4.6' ],
33 silly audit   postcss: [ '8.4.31', '8.5.10' ],
33 silly audit   'node-exports-info': [ '1.6.0' ],
33 silly audit   'node-int64': [ '0.4.0' ],
33 silly audit   'node-releases': [ '2.0.38' ],
33 silly audit   'normalize-path': [ '3.0.0' ],
33 silly audit   'npm-run-path': [ '4.0.1' ],
33 silly audit   nwsapi: [ '2.2.23' ],
33 silly audit   'object-assign': [ '4.1.1' ],
33 silly audit   'object-hash': [ '3.0.0' ],
33 silly audit   'object-inspect': [ '1.13.4' ],
33 silly audit   'object-keys': [ '1.1.1' ],
33 silly audit   'object.assign': [ '4.1.7' ],
33 silly audit   'object.entries': [ '1.1.9' ],
33 silly audit   'object.fromentries': [ '2.0.8' ],
33 silly audit   'object.groupby': [ '1.0.3' ],
33 silly audit   'object.values': [ '1.2.1' ],
33 silly audit   once: [ '1.4.0' ],
33 silly audit   onetime: [ '5.1.2' ],
33 silly audit   optionator: [ '0.9.4' ],
33 silly audit   'own-keys': [ '1.0.1' ],
33 silly audit   'p-try': [ '2.2.0' ],
33 silly audit   'parent-module': [ '1.0.1' ],
33 silly audit   'parse-json': [ '5.2.0' ],
33 silly audit   parse5: [ '7.3.0' ],
33 silly audit   'path-exists': [ '4.0.0' ],
33 silly audit   'path-is-absolute': [ '1.0.1' ],
33 silly audit   'path-key': [ '3.1.1' ],
33 silly audit   'path-parse': [ '1.0.7' ],
33 silly audit   picocolors: [ '1.1.1' ],
33 silly audit   picomatch: [ '2.3.2', '4.0.4' ],
33 silly audit   pify: [ '2.3.0' ],
33 silly audit   pirates: [ '4.0.7' ],
33 silly audit   'pkg-dir': [ '4.2.0' ],
33 silly audit   'possible-typed-array-names': [ '1.1.0' ],
33 silly audit   'postcss-import': [ '15.1.0' ],
33 silly audit   'postcss-js': [ '4.1.0' ],
33 silly audit   'postcss-load-config': [ '6.0.1' ],
33 silly audit   'postcss-nested': [ '6.2.0' ],
33 silly audit   'postcss-selector-parser': [ '6.1.2' ],
33 silly audit   'postcss-value-parser': [ '4.2.0' ],
33 silly audit   'prelude-ls': [ '1.2.1' ],
33 silly audit   prompts: [ '2.4.2' ],
33 silly audit   'prop-types': [ '15.8.1' ],
33 silly audit   'proxy-from-env': [ '2.1.0' ],
33 silly audit   psl: [ '1.15.0' ],
33 silly audit   punycode: [ '2.3.1' ],
33 silly audit   'pure-rand': [ '6.1.0' ],
33 silly audit   querystringify: [ '2.2.0' ],
33 silly audit   'queue-microtask': [ '1.2.3' ],
33 silly audit   react: [ '19.2.5' ],
33 silly audit   'react-dom': [ '19.2.5' ],
33 silly audit   'react-hook-form': [ '7.74.0' ],
33 silly audit   'react-smooth': [ '4.0.4' ],
33 silly audit   'react-transition-group': [ '4.4.5' ],
33 silly audit   'read-cache': [ '1.0.0' ],
33 silly audit   readdirp: [ '3.6.0' ],
33 silly audit   recharts: [ '2.15.4' ],
33 silly audit   'recharts-scale': [ '0.4.5' ],
33 silly audit   redent: [ '3.0.0' ],
33 silly audit   'reflect.getprototypeof': [ '1.0.10' ],
33 silly audit   'regexp.prototype.flags': [ '1.5.4' ],
33 silly audit   'require-directory': [ '2.1.1' ],
33 silly audit   'requires-port': [ '1.0.0' ],
33 silly audit   'resolve-cwd': [ '3.0.0' ],
33 silly audit   'resolve-pkg-maps': [ '1.0.0' ],
33 silly audit   'resolve.exports': [ '2.0.3' ],
33 silly audit   reusify: [ '1.1.0' ],
33 silly audit   rimraf: [ '3.0.2' ],
33 silly audit   'run-parallel': [ '1.2.0' ],
33 silly audit   'safe-array-concat': [ '1.1.4' ],
33 silly audit   'safe-push-apply': [ '1.0.0' ],
33 silly audit   'safe-regex-test': [ '1.1.0' ],
33 silly audit   'safer-buffer': [ '2.1.2' ],
33 silly audit   saxes: [ '6.0.0' ],
33 silly audit   scheduler: [ '0.27.0' ],
33 silly audit   'set-function-length': [ '1.2.2' ],
33 silly audit   'set-function-name': [ '2.0.2' ],
33 silly audit   'set-proto': [ '1.0.0' ],
33 silly audit   sharp: [ '0.34.5' ],
33 silly audit   'shebang-command': [ '2.0.0' ],
33 silly audit   'shebang-regex': [ '3.0.0' ],
33 silly audit   'side-channel': [ '1.1.0' ],
33 silly audit   'side-channel-list': [ '1.0.1' ],
33 silly audit   'side-channel-map': [ '1.0.1' ],
33 silly audit   'side-channel-weakmap': [ '1.0.2' ],
33 silly audit   'signal-exit': [ '3.0.7' ],
33 silly audit   sisteransi: [ '1.0.5' ],
33 silly audit   slash: [ '3.0.0' ],
33 silly audit   sonner: [ '1.7.4' ],
33 silly audit   'source-map': [ '0.6.1' ],
33 silly audit   'source-map-js': [ '1.2.1' ],
33 silly audit   'source-map-support': [ '0.5.13' ],
33 silly audit   'sprintf-js': [ '1.0.3' ],
33 silly audit   'stable-hash': [ '0.0.5' ],
33 silly audit   'stack-utils': [ '2.0.6' ],
33 silly audit   'stop-iteration-iterator': [ '1.1.0' ],
33 silly audit   'string-length': [ '4.0.2' ],
33 silly audit   'string-width': [ '4.2.3' ],
33 silly audit   'string.prototype.includes': [ '2.0.1' ],
33 silly audit   'string.prototype.matchall': [ '4.0.12' ],
33 silly audit   'string.prototype.repeat': [ '1.0.0' ],
33 silly audit   'string.prototype.trim': [ '1.2.10' ],
33 silly audit   'string.prototype.trimend': [ '1.0.9' ],
33 silly audit   'string.prototype.trimstart': [ '1.0.8' ],
33 silly audit   'strip-ansi': [ '6.0.1' ],
33 silly audit   'strip-bom': [ '4.0.0', '3.0.0' ],
33 silly audit   'strip-final-newline': [ '2.0.0' ],
33 silly audit   'strip-indent': [ '3.0.0' ],
33 silly audit   'strip-json-comments': [ '3.1.1' ],
33 silly audit   'styled-jsx': [ '5.1.6' ],
33 silly audit   sucrase: [ '3.35.1' ],
33 silly audit   'supports-preserve-symlinks-flag': [ '1.0.0' ],
33 silly audit   'symbol-tree': [ '3.2.4' ],
33 silly audit   'tailwind-merge': [ '2.6.1' ],
33 silly audit   tailwindcss: [ '3.4.19' ],
33 silly audit   'test-exclude': [ '6.0.0' ],
33 silly audit   'text-table': [ '0.2.0' ],
33 silly audit   thenify: [ '3.3.1' ],
33 silly audit   'thenify-all': [ '1.6.0' ],
33 silly audit   'tiny-invariant': [ '1.3.3' ],
33 silly audit   tinyglobby: [ '0.2.16' ],
33 silly audit   fdir: [ '6.5.0' ],
33 silly audit   tmpl: [ '1.0.5' ],
33 silly audit   'to-regex-range': [ '5.0.1' ],
33 silly audit   'tough-cookie': [ '4.1.4' ],
33 silly audit   tr46: [ '3.0.0' ],
33 silly audit   'ts-api-utils': [ '2.5.0' ],
33 silly audit   'ts-interface-checker': [ '0.1.13' ],
33 silly audit   'tsconfig-paths': [ '3.15.0' ],
33 silly audit   tslib: [ '2.8.1' ],
33 silly audit   'type-check': [ '0.4.0' ],
33 silly audit   'type-detect': [ '4.0.8' ],
33 silly audit   'typed-array-buffer': [ '1.0.3' ],
33 silly audit   'typed-array-byte-length': [ '1.0.3' ],
33 silly audit   'typed-array-byte-offset': [ '1.0.4' ],
33 silly audit   'typed-array-length': [ '1.0.7' ],
33 silly audit   typescript: [ '5.9.3' ],
33 silly audit   'unbox-primitive': [ '1.1.0' ],
33 silly audit   'undici-types': [ '6.21.0' ],
33 silly audit   universalify: [ '0.2.0' ],
33 silly audit   'unrs-resolver': [ '1.11.1' ],
33 silly audit   'update-browserslist-db': [ '1.2.3' ],
33 silly audit   'uri-js': [ '4.4.1' ],
33 silly audit   'url-parse': [ '1.5.10' ],
33 silly audit   'util-deprecate': [ '1.0.2' ],
33 silly audit   'v8-to-istanbul': [ '9.3.0' ],
33 silly audit   'victory-vendor': [ '36.9.2' ],
33 silly audit   'w3c-xmlserializer': [ '4.0.0' ],
33 silly audit   walker: [ '1.0.8' ],
33 silly audit   'webidl-conversions': [ '7.0.0' ],
33 silly audit   'whatwg-encoding': [ '2.0.0' ],
33 silly audit   'whatwg-mimetype': [ '3.0.0' ],
33 silly audit   'whatwg-url': [ '11.0.0' ],
33 silly audit   which: [ '2.0.2' ],
33 silly audit   'which-boxed-primitive': [ '1.1.1' ],
33 silly audit   'which-builtin-type': [ '1.2.1' ],
33 silly audit   'which-collection': [ '1.0.2' ],
33 silly audit   'which-typed-array': [ '1.1.20' ],
33 silly audit   'word-wrap': [ '1.2.5' ],
33 silly audit   'wrap-ansi': [ '7.0.0' ],
33 silly audit   wrappy: [ '1.0.2' ],
33 silly audit   'write-file-atomic': [ '4.0.2' ],
33 silly audit   ws: [ '8.20.0' ],
33 silly audit   'xml-name-validator': [ '4.0.0' ],
33 silly audit   xmlchars: [ '2.2.0' ],
33 silly audit   y18n: [ '5.0.8' ],
33 silly audit   yallist: [ '3.1.1' ],
33 silly audit   yargs: [ '17.7.2' ],
33 silly audit   'yargs-parser': [ '21.1.1' ],
33 silly audit   'yocto-queue': [ '0.1.0' ],
33 silly audit   zod: [ '3.25.76' ],
33 silly audit   zustand: [ '5.0.12' ]
33 silly audit }
34 http fetch POST 200 https://registry.npmjs.org/-/npm/v1/security/advisories/bulk 1220ms
35 silly audit report {
35 silly audit report   '@tootallnate/once': [
35 silly audit report     {
35 silly audit report       id: 1113977,
35 silly audit report       url: 'https://github.com/advisories/GHSA-vpq2-c234-7xj6',
35 silly audit report       title: '@tootallnate/once vulnerable to Incorrect Control Flow Scoping',
35 silly audit report       severity: 'low',
35 silly audit report       vulnerable_versions: '<3.0.1',
35 silly audit report       cwe: [Array],
35 silly audit report       cvss: [Object]
35 silly audit report     }
35 silly audit report   ],
35 silly audit report   postcss: [
35 silly audit report     {
35 silly audit report       id: 1117015,
35 silly audit report       url: 'https://github.com/advisories/GHSA-qx2v-qp2m-jg93',
35 silly audit report       title: 'PostCSS has XSS via Unescaped </style> in its CSS Stringify Output',
35 silly audit report       severity: 'moderate',
35 silly audit report       vulnerable_versions: '<8.5.10',
35 silly audit report       cwe: [Array],
35 silly audit report       cvss: [Object]
35 silly audit report     }
35 silly audit report   ]
35 silly audit report }
36 silly packumentCache corgi:https://registry.npmjs.org/@tootallnate%2fonce cache-miss
37 silly packumentCache corgi:https://registry.npmjs.org/postcss cache-miss
38 http cache https://registry.npmjs.org/@tootallnate%2fonce 12ms (cache hit)
39 silly packumentCache corgi:https://registry.npmjs.org/@tootallnate%2fonce set size:10818 disposed:false
40 http cache https://registry.npmjs.org/postcss 15ms (cache hit)
41 silly packumentCache corgi:https://registry.npmjs.org/postcss set size:340497 disposed:false
42 silly packumentCache corgi:https://registry.npmjs.org/http-proxy-agent cache-miss
43 http cache https://registry.npmjs.org/http-proxy-agent 7ms (cache hit)
44 silly packumentCache corgi:https://registry.npmjs.org/http-proxy-agent set size:24577 disposed:false
45 silly packumentCache corgi:https://registry.npmjs.org/next cache-miss
46 http cache https://registry.npmjs.org/next 74ms (cache hit)
47 silly packumentCache corgi:https://registry.npmjs.org/next set size:24786150 disposed:false
48 silly packumentCache corgi:https://registry.npmjs.org/jsdom cache-miss
49 http cache https://registry.npmjs.org/jsdom 8ms (cache hit)
50 silly packumentCache corgi:https://registry.npmjs.org/jsdom set size:379831 disposed:false
51 silly packumentCache corgi:https://registry.npmjs.org/jest-environment-jsdom cache-miss
52 http cache https://registry.npmjs.org/jest-environment-jsdom 9ms (cache hit)
53 silly packumentCache corgi:https://registry.npmjs.org/jest-environment-jsdom set size:345603 disposed:false
54 verbose cwd S:\Clouthes WEB
55 verbose os Windows_NT 10.0.26200
56 verbose node v24.13.0
57 verbose npm  v11.6.2
58 verbose exit 0
59 info ok
