0 verbose cli C:\Program Files\nodejs\node.exe C:\Program Files\nodejs\node_modules\npm\bin\npm-cli.js
1 info using npm@11.6.2
2 info using node@v24.13.0
3 silly config load:file:C:\Program Files\nodejs\node_modules\npm\npmrc
4 silly config load:file:S:\Clouthes WEB\.npmrc
5 silly config load:file:C:\Users\SAIF\.npmrc
6 silly config load:file:C:\Users\SAIF\AppData\Roaming\npm\etc\npmrc
7 verbose title npm audit
8 verbose argv "audit" "--omit" "dev" "--audit-level" "high" "--cache" ".\\.npm-cache"
9 verbose logfile logs-max:10 dir:S:\Clouthes WEB\.npm-cache\_logs\2026-04-26T11_46_33_689Z-
10 verbose logfile S:\Clouthes WEB\.npm-cache\_logs\2026-04-26T11_46_33_689Z-debug-0.log
11 silly logfile done cleaning log files
12 silly packumentCache heap:4496293888 maxSize:1124073472 maxEntrySize:562036736
13 silly audit bulk request {
13 silly audit   semver: [ '7.7.4' ],
13 silly audit   '@babel/runtime': [ '7.29.2' ],
13 silly audit   '@emnapi/runtime': [ '1.10.0' ],
13 silly audit   '@hookform/resolvers': [ '3.10.0' ],
13 silly audit   '@img/colour': [ '1.1.0' ],
13 silly audit   '@img/sharp-darwin-arm64': [ '0.34.5' ],
13 silly audit   '@img/sharp-darwin-x64': [ '0.34.5' ],
13 silly audit   '@img/sharp-libvips-darwin-arm64': [ '1.2.4' ],
13 silly audit   '@img/sharp-libvips-darwin-x64': [ '1.2.4' ],
13 silly audit   '@img/sharp-libvips-linux-arm': [ '1.2.4' ],
13 silly audit   '@img/sharp-libvips-linux-arm64': [ '1.2.4' ],
13 silly audit   '@img/sharp-libvips-linux-ppc64': [ '1.2.4' ],
13 silly audit   '@img/sharp-libvips-linux-riscv64': [ '1.2.4' ],
13 silly audit   '@img/sharp-libvips-linux-s390x': [ '1.2.4' ],
13 silly audit   '@img/sharp-libvips-linux-x64': [ '1.2.4' ],
13 silly audit   '@img/sharp-libvips-linuxmusl-arm64': [ '1.2.4' ],
13 silly audit   '@img/sharp-libvips-linuxmusl-x64': [ '1.2.4' ],
13 silly audit   '@img/sharp-linux-arm': [ '0.34.5' ],
13 silly audit   '@img/sharp-linux-arm64': [ '0.34.5' ],
13 silly audit   '@img/sharp-linux-ppc64': [ '0.34.5' ],
13 silly audit   '@img/sharp-linux-riscv64': [ '0.34.5' ],
13 silly audit   '@img/sharp-linux-s390x': [ '0.34.5' ],
13 silly audit   '@img/sharp-linux-x64': [ '0.34.5' ],
13 silly audit   '@img/sharp-linuxmusl-arm64': [ '0.34.5' ],
13 silly audit   '@img/sharp-linuxmusl-x64': [ '0.34.5' ],
13 silly audit   '@img/sharp-wasm32': [ '0.34.5' ],
13 silly audit   '@img/sharp-win32-arm64': [ '0.34.5' ],
13 silly audit   '@img/sharp-win32-ia32': [ '0.34.5' ],
13 silly audit   '@img/sharp-win32-x64': [ '0.34.5' ],
13 silly audit   'react-is': [ '16.13.1', '18.3.1' ],
13 silly audit   '@next/env': [ '15.5.15' ],
13 silly audit   '@next/swc-darwin-arm64': [ '15.5.15' ],
13 silly audit   '@next/swc-darwin-x64': [ '15.5.15' ],
13 silly audit   '@next/swc-linux-arm64-gnu': [ '15.5.15' ],
13 silly audit   '@next/swc-linux-arm64-musl': [ '15.5.15' ],
13 silly audit   '@next/swc-linux-x64-gnu': [ '15.5.15' ],
13 silly audit   '@next/swc-linux-x64-musl': [ '15.5.15' ],
13 silly audit   '@next/swc-win32-arm64-msvc': [ '15.5.15' ],
13 silly audit   '@next/swc-win32-x64-msvc': [ '15.5.15' ],
13 silly audit   '@swc/helpers': [ '0.5.15' ],
13 silly audit   '@tanstack/query-core': [ '5.100.5' ],
13 silly audit   '@tanstack/react-query': [ '5.100.5' ],
13 silly audit   '@types/d3-array': [ '3.2.2' ],
13 silly audit   '@types/d3-color': [ '3.1.3' ],
13 silly audit   '@types/d3-ease': [ '3.0.2' ],
13 silly audit   '@types/d3-interpolate': [ '3.0.4' ],
13 silly audit   '@types/d3-path': [ '3.1.1' ],
13 silly audit   '@types/d3-scale': [ '4.0.9' ],
13 silly audit   '@types/d3-shape': [ '3.1.8' ],
13 silly audit   '@types/d3-time': [ '3.0.4' ],
13 silly audit   '@types/d3-timer': [ '3.0.2' ],
13 silly audit   '@types/react': [ '19.2.14' ],
13 silly audit   asynckit: [ '0.4.0' ],
13 silly audit   axios: [ '1.15.2' ],
13 silly audit   'call-bind-apply-helpers': [ '1.0.2' ],
13 silly audit   'caniuse-lite': [ '1.0.30001791' ],
13 silly audit   'client-only': [ '0.0.1' ],
13 silly audit   clsx: [ '2.1.1' ],
13 silly audit   'combined-stream': [ '1.0.8' ],
13 silly audit   csstype: [ '3.2.3' ],
13 silly audit   'd3-array': [ '3.2.4' ],
13 silly audit   'd3-color': [ '3.1.0' ],
13 silly audit   'd3-ease': [ '3.0.1' ],
13 silly audit   'd3-format': [ '3.1.2' ],
13 silly audit   'd3-interpolate': [ '3.0.1' ],
13 silly audit   'd3-path': [ '3.1.0' ],
13 silly audit   'd3-scale': [ '4.0.2' ],
13 silly audit   'd3-shape': [ '3.2.0' ],
13 silly audit   'd3-time': [ '3.1.0' ],
13 silly audit   'd3-time-format': [ '4.1.0' ],
13 silly audit   'd3-timer': [ '3.0.1' ],
13 silly audit   'decimal.js-light': [ '2.5.1' ],
13 silly audit   'delayed-stream': [ '1.0.0' ],
13 silly audit   'detect-libc': [ '2.1.2' ],
13 silly audit   'dom-helpers': [ '5.2.1' ],
13 silly audit   'dunder-proto': [ '1.0.1' ],
13 silly audit   'es-define-property': [ '1.0.1' ],
13 silly audit   'es-errors': [ '1.3.0' ],
13 silly audit   'es-object-atoms': [ '1.1.1' ],
13 silly audit   'es-set-tostringtag': [ '2.1.0' ],
13 silly audit   eventemitter3: [ '4.0.7' ],
13 silly audit   'fast-equals': [ '5.4.0' ],
13 silly audit   'follow-redirects': [ '1.16.0' ],
13 silly audit   'form-data': [ '4.0.5' ],
13 silly audit   'framer-motion': [ '12.38.0' ],
13 silly audit   'function-bind': [ '1.1.2' ],
13 silly audit   'get-intrinsic': [ '1.3.0' ],
13 silly audit   'get-proto': [ '1.0.1' ],
13 silly audit   gopd: [ '1.2.0' ],
13 silly audit   'has-symbols': [ '1.1.0' ],
13 silly audit   'has-tostringtag': [ '1.0.2' ],
13 silly audit   hasown: [ '2.0.3' ],
13 silly audit   internmap: [ '2.0.3' ],
13 silly audit   'js-tokens': [ '4.0.0' ],
13 silly audit   lodash: [ '4.18.1' ],
13 silly audit   'loose-envify': [ '1.4.0' ],
13 silly audit   'lucide-react': [ '0.468.0' ],
13 silly audit   'math-intrinsics': [ '1.1.0' ],
13 silly audit   'mime-db': [ '1.52.0' ],
13 silly audit   'mime-types': [ '2.1.35' ],
13 silly audit   'motion-dom': [ '12.38.0' ],
13 silly audit   'motion-utils': [ '12.36.0' ],
13 silly audit   nanoid: [ '3.3.11' ],
13 silly audit   next: [ '15.5.15' ],
13 silly audit   'next-themes': [ '0.4.6' ],
13 silly audit   postcss: [ '8.4.31' ],
13 silly audit   'object-assign': [ '4.1.1' ],
13 silly audit   picocolors: [ '1.1.1' ],
13 silly audit   'prop-types': [ '15.8.1' ],
13 silly audit   'proxy-from-env': [ '2.1.0' ],
13 silly audit   react: [ '19.2.5' ],
13 silly audit   'react-dom': [ '19.2.5' ],
13 silly audit   'react-hook-form': [ '7.74.0' ],
13 silly audit   'react-smooth': [ '4.0.4' ],
13 silly audit   'react-transition-group': [ '4.4.5' ],
13 silly audit   recharts: [ '2.15.4' ],
13 silly audit   'recharts-scale': [ '0.4.5' ],
13 silly audit   scheduler: [ '0.27.0' ],
13 silly audit   sharp: [ '0.34.5' ],
13 silly audit   sonner: [ '1.7.4' ],
13 silly audit   'source-map-js': [ '1.2.1' ],
13 silly audit   'styled-jsx': [ '5.1.6' ],
13 silly audit   'tailwind-merge': [ '2.6.1' ],
13 silly audit   'tiny-invariant': [ '1.3.3' ],
13 silly audit   tslib: [ '2.8.1' ],
13 silly audit   'victory-vendor': [ '36.9.2' ],
13 silly audit   zod: [ '3.25.76' ],
13 silly audit   zustand: [ '5.0.12' ]
13 silly audit }
14 verbose audit error FetchError: request to https://registry.npmjs.org/-/npm/v1/security/advisories/bulk failed, reason: 
14 verbose audit error     at ClientRequest.<anonymous> (C:\Program Files\nodejs\node_modules\npm\node_modules\minipass-fetch\lib\index.js:130:14)
14 verbose audit error     at ClientRequest.emit (node:events:508:28)
14 verbose audit error     at emitErrorEvent (node:_http_client:108:11)
14 verbose audit error     at _destroy (node:_http_client:962:9)
14 verbose audit error     at onSocketNT (node:_http_client:982:5)
14 verbose audit error     at process.processTicksAndRejections (node:internal/process/task_queues:90:21) {
14 verbose audit error   code: 'ETIMEDOUT',
14 verbose audit error   errno: 'ETIMEDOUT',
14 verbose audit error   type: 'system'
14 verbose audit error }
15 silly audit error undefined
16 silly audit report null
17 warn audit request to https://registry.npmjs.org/-/npm/v1/security/advisories/bulk failed, reason: 
18 error audit endpoint returned an error
19 verbose cwd S:\Clouthes WEB
20 verbose os Windows_NT 10.0.26200
21 verbose node v24.13.0
22 verbose npm  v11.6.2
23 verbose exit 1
24 verbose code 1
25 error A complete log of this run can be found in: S:\Clouthes WEB\.npm-cache\_logs\2026-04-26T11_46_33_689Z-debug-0.log
