0 verbose cli C:\Program Files\nodejs\node.exe C:\Program Files\nodejs\node_modules\npm\bin\npm-cli.js
1 info using npm@11.6.2
2 info using node@v24.13.0
3 silly config load:file:C:\Program Files\nodejs\node_modules\npm\npmrc
4 silly config load:file:S:\Clouthes WEB\.npmrc
5 silly config load:file:C:\Users\SAIF\.npmrc
6 silly config load:file:C:\Users\SAIF\AppData\Roaming\npm\etc\npmrc
7 verbose title npm install next@16.2.4 eslint-config-next@16.2.4
8 verbose argv "install" "next@16.2.4" "eslint-config-next@16.2.4" "--cache" ".\\.npm-cache" "--ignore-scripts"
9 verbose logfile logs-max:10 dir:S:\Clouthes WEB\.npm-cache\_logs\2026-04-26T11_46_49_904Z-
10 verbose logfile S:\Clouthes WEB\.npm-cache\_logs\2026-04-26T11_46_49_904Z-debug-0.log
11 silly logfile done cleaning log files
12 silly packumentCache heap:4496293888 maxSize:1124073472 maxEntrySize:562036736
13 silly idealTree buildDeps
14 silly fetch manifest next@16.2.4
15 silly packumentCache full:https://registry.npmjs.org/next cache-miss
16 http cache https://registry.npmjs.org/next 387ms (cache hit)
17 silly packumentCache full:https://registry.npmjs.org/next set size:30198231 disposed:false
18 silly fetch manifest @opentelemetry/api@^1.1.0
19 silly packumentCache full:https://registry.npmjs.org/@opentelemetry%2fapi cache-miss
20 http fetch GET 200 https://registry.npmjs.org/@opentelemetry%2fapi 529ms (cache revalidated)
21 silly packumentCache full:https://registry.npmjs.org/@opentelemetry%2fapi set size:272855 disposed:false
22 silly fetch manifest @playwright/test@^1.51.1
23 silly packumentCache full:https://registry.npmjs.org/@playwright%2ftest cache-miss
24 http fetch GET 200 https://registry.npmjs.org/@playwright%2ftest 111ms (cache revalidated)
25 silly packumentCache full:https://registry.npmjs.org/@playwright%2ftest set size:9042926 disposed:false
26 silly fetch manifest babel-plugin-react-compiler@*
27 silly packumentCache full:https://registry.npmjs.org/babel-plugin-react-compiler cache-miss
28 http fetch GET 200 https://registry.npmjs.org/babel-plugin-react-compiler 81ms (cache revalidated)
29 silly packumentCache full:https://registry.npmjs.org/babel-plugin-react-compiler set size:1340419 disposed:false
30 silly fetch manifest react@^19.0.0
31 silly packumentCache full:https://registry.npmjs.org/react cache-miss
32 http fetch GET 200 https://registry.npmjs.org/react 233ms (cache revalidated)
33 silly packumentCache full:https://registry.npmjs.org/react set size:6625721 disposed:false
34 silly fetch manifest react-dom@^19.0.0
35 silly packumentCache full:https://registry.npmjs.org/react-dom cache-miss
36 http fetch GET 200 https://registry.npmjs.org/react-dom 108ms (cache revalidated)
37 silly packumentCache full:https://registry.npmjs.org/react-dom set size:8826021 disposed:false
38 silly fetch manifest sass@^1.3.0
39 silly packumentCache full:https://registry.npmjs.org/sass cache-miss
40 http fetch GET 200 https://registry.npmjs.org/sass 85ms (cache revalidated)
41 silly packumentCache full:https://registry.npmjs.org/sass set size:726244 disposed:false
42 silly fetch manifest eslint-config-next@16.2.4
43 silly packumentCache full:https://registry.npmjs.org/eslint-config-next cache-miss
44 http fetch GET 200 https://registry.npmjs.org/eslint-config-next 112ms (cache revalidated)
45 silly packumentCache full:https://registry.npmjs.org/eslint-config-next set size:6612084 disposed:false
46 silly fetch manifest eslint@^8.57.1
47 silly packumentCache full:https://registry.npmjs.org/eslint cache-miss
48 http cache https://registry.npmjs.org/eslint 14ms (cache hit)
49 silly packumentCache full:https://registry.npmjs.org/eslint set size:1983515 disposed:false
50 silly fetch manifest eslint@>=9.0.0
51 silly packumentCache full:https://registry.npmjs.org/eslint cache-miss
52 http cache https://registry.npmjs.org/eslint 12ms (cache hit)
53 silly packumentCache full:https://registry.npmjs.org/eslint set size:1983515 disposed:false
54 verbose stack Error: unable to resolve dependency tree
54 verbose stack     at #failPeerConflict (C:\Program Files\nodejs\node_modules\npm\node_modules\@npmcli\arborist\lib\arborist\build-ideal-tree.js:1420:25)
54 verbose stack     at #loadPeerSet (C:\Program Files\nodejs\node_modules\npm\node_modules\@npmcli\arborist\lib\arborist\build-ideal-tree.js:1386:33)
54 verbose stack     at async #buildDepStep (C:\Program Files\nodejs\node_modules\npm\node_modules\@npmcli\arborist\lib\arborist\build-ideal-tree.js:929:11)
54 verbose stack     at async Arborist.buildIdealTree (C:\Program Files\nodejs\node_modules\npm\node_modules\@npmcli\arborist\lib\arborist\build-ideal-tree.js:182:7)
54 verbose stack     at async Promise.all (index 1)
54 verbose stack     at async Arborist.reify (C:\Program Files\nodejs\node_modules\npm\node_modules\@npmcli\arborist\lib\arborist\reify.js:114:5)
54 verbose stack     at async Install.exec (C:\Program Files\nodejs\node_modules\npm\lib\commands\install.js:150:5)
54 verbose stack     at async Npm.exec (C:\Program Files\nodejs\node_modules\npm\lib\npm.js:208:9)
54 verbose stack     at async module.exports (C:\Program Files\nodejs\node_modules\npm\lib\cli\entry.js:67:5)
55 error code ERESOLVE
56 error ERESOLVE unable to resolve dependency tree
57 error
58 error While resolving: clouthes-web@1.0.0
58 error Found: eslint@8.57.1
58 error node_modules/eslint
58 error   dev eslint@"^8.57.1" from the root project
58 error
58 error Could not resolve dependency:
58 error peer eslint@">=9.0.0" from eslint-config-next@16.2.4
58 error node_modules/eslint-config-next
58 error   dev eslint-config-next@"16.2.4" from the root project
58 error
58 error Fix the upstream dependency conflict, or retry
58 error this command with --force or --legacy-peer-deps
58 error to accept an incorrect (and potentially broken) dependency resolution.
59 error
59 error
59 error For a full report see:
59 error S:\Clouthes WEB\.npm-cache\_logs\2026-04-26T11_46_49_904Z-eresolve-report.txt
60 silly unfinished npm timer reify 1777204011160
61 silly unfinished npm timer reify:loadTrees 1777204011164
62 silly unfinished npm timer idealTree:buildDeps 1777204011727
63 silly unfinished npm timer idealTree:#root 1777204011728
64 verbose cwd S:\Clouthes WEB
65 verbose os Windows_NT 10.0.26200
66 verbose node v24.13.0
67 verbose npm  v11.6.2
68 verbose exit 1
69 verbose code 1
70 error A complete log of this run can be found in: S:\Clouthes WEB\.npm-cache\_logs\2026-04-26T11_46_49_904Z-debug-0.log
